------------------------------------------------------------
TimeQuest Timing Analyzer Summary
------------------------------------------------------------

Type  : Slow 1200mV 85C Model Setup 'CLOCK_50'
Slack : -0.836
TNS   : -4.208

Type  : Slow 1200mV 85C Model Hold 'CLOCK_50'
Slack : 0.359
TNS   : 0.000

Type  : Slow 1200mV 85C Model Recovery 'CLOCK_50'
Slack : -1.339
TNS   : -10.370

Type  : Slow 1200mV 85C Model Removal 'CLOCK_50'
Slack : 1.266
TNS   : 0.000

Type  : Slow 1200mV 85C Model Minimum Pulse Width 'CLOCK_50'
Slack : -3.000
TNS   : -11.000

Type  : Slow 1200mV 0C Model Setup 'CLOCK_50'
Slack : -0.643
TNS   : -3.000

Type  : Slow 1200mV 0C Model Hold 'CLOCK_50'
Slack : 0.318
TNS   : 0.000

Type  : Slow 1200mV 0C Model Recovery 'CLOCK_50'
Slack : -1.093
TNS   : -8.431

Type  : Slow 1200mV 0C Model Removal 'CLOCK_50'
Slack : 1.128
TNS   : 0.000

Type  : Slow 1200mV 0C Model Minimum Pulse Width 'CLOCK_50'
Slack : -3.000
TNS   : -11.000

Type  : Fast 1200mV 0C Model Setup 'CLOCK_50'
Slack : -0.011
TNS   : -0.011

Type  : Fast 1200mV 0C Model Hold 'CLOCK_50'
Slack : 0.188
TNS   : 0.000

Type  : Fast 1200mV 0C Model Recovery 'CLOCK_50'
Slack : -0.317
TNS   : -2.350

Type  : Fast 1200mV 0C Model Removal 'CLOCK_50'
Slack : 0.706
TNS   : 0.000

Type  : Fast 1200mV 0C Model Minimum Pulse Width 'CLOCK_50'
Slack : -3.000
TNS   : -11.286

------------------------------------------------------------
