------------------------------------------------------------
TimeQuest Timing Analyzer Summary
------------------------------------------------------------

Type  : Slow 1200mV 85C Model Setup 'CLOCK_50'
Slack : -0.850
TNS   : -3.954

Type  : Slow 1200mV 85C Model Hold 'CLOCK_50'
Slack : 0.359
TNS   : 0.000

Type  : Slow 1200mV 85C Model Recovery 'CLOCK_50'
Slack : -0.991
TNS   : -7.250

Type  : Slow 1200mV 85C Model Removal 'CLOCK_50'
Slack : 1.153
TNS   : 0.000

Type  : Slow 1200mV 85C Model Minimum Pulse Width 'CLOCK_50'
Slack : -3.000
TNS   : -11.000

Type  : Slow 1200mV 0C Model Setup 'CLOCK_50'
Slack : -0.651
TNS   : -2.760

Type  : Slow 1200mV 0C Model Hold 'CLOCK_50'
Slack : 0.318
TNS   : 0.000

Type  : Slow 1200mV 0C Model Recovery 'CLOCK_50'
Slack : -0.792
TNS   : -5.712

Type  : Slow 1200mV 0C Model Removal 'CLOCK_50'
Slack : 1.024
TNS   : 0.000

Type  : Slow 1200mV 0C Model Minimum Pulse Width 'CLOCK_50'
Slack : -3.000
TNS   : -11.000

Type  : Fast 1200mV 0C Model Setup 'CLOCK_50'
Slack : -0.019
TNS   : -0.019

Type  : Fast 1200mV 0C Model Hold 'CLOCK_50'
Slack : 0.193
TNS   : 0.000

Type  : Fast 1200mV 0C Model Recovery 'CLOCK_50'
Slack : -0.108
TNS   : -0.648

Type  : Fast 1200mV 0C Model Removal 'CLOCK_50'
Slack : 0.648
TNS   : 0.000

Type  : Fast 1200mV 0C Model Minimum Pulse Width 'CLOCK_50'
Slack : -3.000
TNS   : -11.276

------------------------------------------------------------
